#-----------------------------------------------------------
# Vivado v2024.2 (64-bit)
# SW Build 5239630 on Fri Nov 08 22:34:34 MST 2024
# IP Build 5239520 on Sun Nov 10 16:12:51 MST 2024
# SharedData Build 5239561 on Fri Nov 08 14:39:27 MST 2024
# Start of session at: Wed Oct  8 16:56:05 2025
# Process ID         : 61672
# Current directory  : /home/anderson/vivado/project/Activation_accelerator/Activation_accelerator.runs/design_1_get_u_v_0_0_synth_1
# Command line       : vivado -log design_1_get_u_v_0_0.vds -product Vivado -mode batch -messageDb vivado.pb -notrace -source design_1_get_u_v_0_0.tcl
# Log file           : /home/anderson/vivado/project/Activation_accelerator/Activation_accelerator.runs/design_1_get_u_v_0_0_synth_1/design_1_get_u_v_0_0.vds
# Journal file       : /home/anderson/vivado/project/Activation_accelerator/Activation_accelerator.runs/design_1_get_u_v_0_0_synth_1/vivado.jou
# Running On         : Legion
# Platform           : Ubuntu
# Operating System   : Ubuntu 22.04.5 LTS
# Processor Detail   : 13th Gen Intel(R) Core(TM) i5-13500H
# CPU Frequency      : 1050.000 MHz
# CPU Physical cores : 12
# CPU Logical cores  : 16
# Host memory        : 16546 MB
# Swap memory        : 10000 MB
# Total Virtual      : 26546 MB
# Available Virtual  : 19875 MB
#-----------------------------------------------------------
source design_1_get_u_v_0_0.tcl -notrace
